- -
- -
- -
- -
- -
- -
- -
- -
- -
- -
- -
- -
- -
- -
- -
- -
- -
- -
- -
- -
- -
- -
- -
- -
- -
- -
- -
- -
- -
- -
- -
- -
- -
- -
- -
- -
- -
- -
- -
- -
- -
- -
- -
- -
- -
- -
- -
- -
- -
- -
- -
- -
- -
- -
- -
- -
- -
- -
- -
- -
- -
- -
- -
- -
- -
- -
- -
- -
- -
- -
- -
- -
- -
- -
- -
- -
- -
- -
- -
- -
- -
- -
- -
- -
- -
- -
- -
- -
- -
- -
- -
- -
- -
- -
- -
- -
- -
- -
- -
- -
- -
- -
- -
- -
- -
- -
- -
- -
- -
- -
- -
- -
- -
- -
- -
- -
- -
- -
- -
- -
- -
- -
- -
- -
- -
- -
- -
- -
- -
- -
- -
- -
- -
- -
- -
- -
- -
- -
- -
- -
- -
- -
- -
- -
- -
- -
- -
- -
- -
- -
- -
- -
- -
- -
- -
- -
- -
- -
- -
- -
- -
- -
- -
- -
- -
- -
- -
- -
- -
- -
- -
- -
- -
- -
- -
- -
- -
- -
- -
- -
- -
- -
- -
- -
- -
- -
- -
- -
- -
- -
- -
- -
- -
- -
- -
- -
- -
- -
- -
- -
- -
- -
- -
- -
- -
- -
- -
- -
- -
- -
- -
- -
- -
- -
- -
- -
- -
- -
- -
- -
- -
- -
- -
- -
- -
- -
- -
- -
- -
- -
- -
- -
- -
- -
- -
- -
- -
- -
- -
- -
- -
- -
- -
- -
- -
- -
- -
- -
- -
- -
- -
- -
- -
- -
- -
- -
- -
- -
- -
- -
- -
- -
- -
- -
- -
- -
- -
- -
- -
- -
- -
- -
- -
- -
- -
- -
- -
- -
- -
- -
- -
- -
- -
- -
- -
- -
- -
- -
- -
- -
- -
- -
- -
- -
- -
- -
- -
- -
- -
- -
- -
- -
- -
- -
- -
- -
- -
- -
- -
- -
- -
- -
- -
- -
- -
- -
- -
- -
- -
- -
- -
- -
- -
- -
- -
- -
- -
- -
- -
- -
- -
- -
- -
- -
- -
- -
- -
- -
- -
- -
- -
- -
- -
- -
- -
- -
- -
- -
- -
- -
- -
- -
- -
- -
- -
- -
- -
- -
- -
- -
- -
- -
- -
- -
- -
- -
- -
- -
- -
- -
- -
- -
- -
- -
- -
- -
- -
- -
- -
- -
- -
- -
- -
- -
- -
- -
- -
- -
- -
- -
- -
- -
- -
- -
- -
- -
- -
- -
- -
- -
- -
- -
- -
- -
- -
- -
- -
- -
- -
- -
- -
- -
- -
- -
- -
- -
- -
- -
- -
- -
- -
- -
- -
- -
- -
- -
- -
- -
- -
- -
- -
- -
- -
- -
- -
- -
- -
- -
- -
- -
- -
- -
- -
- -
- -
- -
- -
- -
- -
- -
- -
- -
- -
- -
- -
- -
- -
- -
- -
- -
- -
- -
- -
- -
- -
- -
- -
- -
- -
- -
- -
- -
- -
- -
- -
- -
- -
- -
- -
- -
- -
- -
- -
- -
- -
- -
- -
- -
- -
- -
- -
- -
- -
- -
- -
- -
- -
- -
- -
- -
- -
- -
- -
- -
- -
- -
- -
- -
- -
- -
- -
- -
- -
- -
- -
- -
- -
- -
- -
- -
- -
- -
- -
- -
- -
- -
- -
- -
- -
- -
- -
- -
- -
- -
- -
- -
- -
- -
- -
- -
- -
- -
- -
- -
- -
- -
- -
- -
- -
- -
- -
- -
- -
- -
- -
- -
- -
- -
- -
- -
- -
- -
- -
- -
- -
- -
- -
- -
- -
- -
- -
- -
- -
- -
- -
- -
- -
- -
- -
- -
- -
- -
- -
- -
- -
- -
- -
- -
- -
- -
- -
- -
- -
- -
- -
- -
- -
- -
- -
- -
- -
- -
- -
- -
- -
- -
- -
- -
- -
- -
- -
- -
- -
- -
- -
- -
- -
- -
- -
- -
- -
- -
- -
- -
- -
- -
- -
- -
- -
- -
- -
- -
- -
- -
- -
- -
- -
- -
- -
- -
- -
- -
- -
- -
- -
- -
- -
- -
- -
- -
- -
- -
- -
- -
- -
- -
- -
- -
- -
- -
- -
- -
- -
- -
- -
- -
- -
- -
- -
- -
- -
- -
- -
- -
- -
- -
- -
- -
- -
- -
- -
- -
- -
- -
- -
- -
- -
- -
- -
- -
- -
- -
- -
- -
- -
- -
- -
- -
- -
- -
- -
- -
- -
- -
- -
- -
- -
- -
- -
- -
- -
- -
- -
- -
- -
- -
- -
- -
- -
- -
- -
- -
- -
- -
- -
- -
- -
- -
- -
- -
- -
- -
- -
- -
- -
- -
- -
- -
- -
- -
- -
- -
- -
- -
- -
- -
- -
- -
- -
- -
- -
- -
- -
- -
- -
- -
- -
- -
- -
- -
- -
- -
- -
- -
- -
- -
- -
- -
- -
- -
- -
- -
- -
- -
- -
- -
- -
- -
- -
- -
- -
- -
- -
- -
- -
- -
- -
- -
- -
- -
- -
- -
- -
- -
- -
- -
- -
- -
- -
- -
- -
- -
- -
- -
- -
- -
- -
- -
- -
- -
- -
- -
- -
- -
- -
- -
- -
- -
- -
- -
- -
- -
- -
- -
- -
- -
- -
- -
- -
- -
- -
- -
- -
- -
- -
- -
- -
- -
- -
- -
- -
- -
- -
- -
- -
- -
- -
- -
- -
- -
- -
- -
- -
- -
- -
- -
- -
- -
- -
- -
- -
- -
- -
- -
- -
- -
- -
- -
- -
- -
- -
- -
- -
- -
- -
- -
- -
- -
- -
- -
- -
- -
- -
- -
- -
- -
- -
- -
- -
- -
- -
- -
- -
- -
- -
- -
- -
- -
- -
- -
- -
- -
- -
- -
- -
- -
- -
- -
- -
- -
- -
- -
- -
- -
- -
- -
- -
- -
- -
- -
- -
- -
- -
- -
- -
- -
- -
- -
- -
- -
- -
- -
- -
- -
- -
- -
- -
- -
- -
- -
- -
- -
- -
- -
- -
- -
- -
- -
- -
- -
- -
- -
- -
- -
- -
- -
- -
- -
- -
- -
- -
- -
- -
- -
- -
- -
- -
- -
- -
- -
- -
- -
- -
- -
- -
- -
- -
- -
- -
- -
- -
- -
- -
- -
- -
- -
- -
- -
- -
- -
- -
- -
- -
- -
- -
- -
- -
- -
- -
- -
- -
- -
- -
- -
- -
- -
- -
- -
- -
- -
- -
- -
- -
- -
- -
- -
- -
- -
- -
- -
- -
- -
- -
- -
- -
- -
- -
- -
- -
- -
- -
- -
- -
- -
- -
- -
- -
- -
- -
- -
- -
- -
- -
- -
- -
- -
- -
- -
- -
- -
- -
- -
- -
- -
- -
- -
- -
- -
- -
- -
- -
- -
- -
- -
- -
- -
- -
- -
- -
- -
- -
- -
- -
- -
- -
- -
- -
- -
- -
- -
- -
- -
- -
- -
- -
- -
- -
- -
- -
- -
- -
- -
- -
- -
- -
- -
- -
- -
- -
- -
- -
- -
- -
- -
- -
- -
- -
- -
- -
- -
- -
- -
- -
- -
- -
- -
- -
- -
- -
- -
- -
- -
- -
- -
- -
- -
- -
- -
- -
- -
- -
- -
- -
- -
- -
- -
- -
- -
- -
- -
- -
- -
- -
- -
- -
- -
- -
- -
- -
- -
- -
- -
- -
- -
- -
- -
- -
- -
- -
- -
- -
- -
- -
- -
- -
- -
- -
- -
- -
- -
- -
- -
- -
- -
- -
- -
- -
- -
- -
- -
- -
- -
- -
- -
- -
- -
- -
- -
- -
- -
- -
- -
- -
- -
- -
- -
- -
- -
- -
- -
- -
- -
- -
- -
- -
- -
- -
- -
- -
- -
- -
- -
- -
- -
- -
- -
- -
- -
- -
- -
- -
- -
- -
- -
- -
- -
- -
- -
- -
- -
- -
- -
- -
- -
- -
- -
- -
- -
- -
- -
- -
- -
- -
- -
- -
- -
- -
- -
- -
- -
- -
- -
- -
- -
- -
- -
- -
- -
- -
- -
- -
- -
- -
- -
- -
- -
- -
- -
- -
- -
- -
- -
- -
- -
- -
- -
- -
- -
- -
- -
- -
- -
- -
- -
- -
- -
- -
- -
- -
- -
- -
- -
- -
- -
- -
- -
- -
- -
- -
- -
- -
- -
- -
- -
- -
- -
- -
- -
- -
- -
- -
- -
- -
- -
- -
- -
- -
- -
- -
- -
- -
- -
- -
- -
- -
- -
- -
- -
- -
- -
- -
- -
- -
- -
- -
- -
- -
- -
- -
- -
- -
- -
- -
- -
- -
- -
- -
- -
- -
- -
- -
- -
- -
- -
- -
- -
- -
- -
- -
- -
- -
- -
- -
- -
- -
- -
- -
- -
- -
- -
- -
- -
- -
- -
- -
- -
- -
- -
- -
- -
- -
- -
- -
- -
- -
- -
- -
- -
- -
- -
- -
- -
- -
- -
- -
- -
- -
- -
- -
- -
- -
- -
- -
- -
- -
- -
- -
- -
- -
- -
- -
- -
- -
- -
- -
- -
- -
- -
- -
- -
- -
- -
- -
- -
- -
- -
- -
- -
- -
- -
- -
- -
- -
- -
- -
- -
- -
- -
- -
- -
- -
- -
- -
- -
- -
- -
- -
- -
- -
- -
- -
- -
- -
- -
- -
- -
- -
- -
- -
- -
- -
- -
- -
- -
- -
- -
- -
- -
- -
- -
- -
- -
- -
- -
- -
- -
- -
- -
- -
- -
- -
- -
- -
- -
- -
- -
- -
- -
- -
- -
- -
- -
- -
- -
- -
- -
- -
- -
- -
- -
- -
- -
- -
- -
- -
- -
- -
- -
- -
- -
- -
- -
- -
- -
- -
- -
- -
- -
- -
- -
- -
- -
- -
- -
- -
- -
- -
- -
- -
- -
- -
- -
- -
- -
- -
- -
- -
- -
- -
- -
- -
- -
- -
- -
- -
- -
- -
- -
- -
- -
- -
- -
- -
- -
- -
- -
- -
- -
- -
- -
- -
- -
- -
- -
- -
- -
- -
- -
- -
- -
- -
- -
- -
- -
- -
- -
- -
- -
- -
- -
- -
- -
- -
- -
- -
- -
- -
- -
- -
- -
- -
- -
- -
- -
- -
- -
- -
- -
- -
- -
- -
- -
- -
- -
- -
- -
- -
- -
- -
- -
- -
- -
- -
- -
- -
- -
- -
- -
- -
- -
- -
- -
- -
- -
- -
- -
- -
- -
- -
- -
- -
- -
- -
- -
- -
- -
- -
- -
- -
- -
- -
- -
- -
- -
- -
- -
- -
- -
- -
- -
- -
- -
- -
- -
- -
- -
- -
- -
- -
- -
- -
- -
- -
- -
- -
- -
- -
- -
- -
- -
- -
- -
- -
- -
- -
- -
- -
- -
- -
- -
- -
- -
- -
- -
- -
- -
- -
- -
- -
- -
- -
- -
- -
- -
- -
- -
- -
- -
- -
- -
- -
- -
- -
- -
- -
- -
- -
- -
- -
- -
- -
- -
- -
- -
- -
- -
- -
- -
- -
- -
- -
- -
- -
- -
- -
- -
- -
- -
- -
- -
- -
- -
- -
- -
- -
- -
- -
- -
- -
- -
- -
- -
- -
- -
- -
- -
- -
- -
- -
- -
- -
- -
- -
- -
- -
- -
- -
- -
- -
- -
- -
- -
- -
- -
- -
- -
- -
- -
- -
- -
- -
- -
- -
- -
- -
- -
- -
- -
- -
- -
- -
- -
- -
- -
- -
- -
- -
- -
- -
- -
- -
- -
- -
- -
- -
- -
- -
- -
- -
- -
- -
- -
- -
- -
- -
- -
- -
- -
- -
- -
- -
- -
- -
- -
- -
- -
- -
- -
- -
- -
- -
- -
- -
- -
- -
- -
- -
- -
- -
- -
- -
- -
- -
- -
- -
- -
- -
- -
- -
- -
- -
- -
- -
- -
- -
- -
- -
- -
- -
- -
- -
- -
- -
- -
- -
- -
- -
- -
- -
- -
- -
- -
- -
- -
- -
- -
- -
- -
- -
- -
- -
- -
- -
- -
- -
- -
- -
- -
- -
- -
- -
- -
- -
- -
- -
- -
- -
- -
- -
- -
- -
- -
- -
- -
- -
- -
- -
- -
- -
- -
- -
- -
- -
- -
- -
- -
- -
- -
- -
- -
- -
- -
- -
- -
- -
- -
- -
- -
- -
- -
- -
- -
- -
- -
- -
- -
- -
- -
- -
- -
- -
- -
- -
- -
- -
- -
- -
- -
- -
- -
- -
- -
- -
- -
- -
- -
- -
- -
- -
- -
- -
- -
- -
- -
- -
- -
- -
- -
- -
- -
- -
- -
- -
- -
- -
- -
- -
- -
- -
- -
- -
- -
- -
- -
- -
- -
- -
- -
- -
- -
- -
- -
- -
- -
- -
- -
- -
- -
- -
- -
- -
- -
- -
- -
- -
- -
- -
- -
- -
- -
- -
- -
- -
- -
- -
- -
- -
- -
- -
- -
- -
- -
- -
- -
- -
- -
- -
- -
- -
- -
- -
- -
- -
- -
- -
- -
- -
- -
- -
- -
- -
- -
- -
- -
- -
- -
- -
- -
- -
- -
- -
- -
- -
- -
- -
- -
- -
- -
- -
- -
- -
- -
- -
- -
- -
- -
- -
- -
- -
- -
- -
- -
- -
- -
- -
- -
- -
- -
- -
- -
- -
- -
- -
- -
- -
- -
- -
- -
- -
- -
- -
- -
- -
- -
- -
- -
- -
- -
- -
- -
- -
- -
- -
- -
- -
- -
- -
- -
- -
- -
- -
- -
- -
- -
- -
- -
- -
- -
- -
- -
- -
- -
- -
- -
- -
- -
- -
- -
- -
- -
- -
- -
- -
- -
- -
- -
- -
- -
- -
- -
- -
- -
- -
- -
- -
- -
- -
- -
- -
- -
- -
- -
- -
- -
- -
- -
- -
- -
- -
- -
- -
- -
- -
- -
- -
- -
- -
- -
- -
- -
- -
- -
- -
- -
- -
- -
- -
- -
- -
- -
- -
- -
- -
- -
- -
- -
- -
- -
- -
- -
- -
- -
- -
- -
- -
- -
- -
- -
- -
- -
- -
- -
- -
- -
- -
- -
- -
- -
- -
- -
- -
- -
- -
- -
- -
- -
- -
- -
- -
- -
- -
- -
- -
- -
- -
- -
- -
- -
- -
- -
- -
- -
- -
- -
- -
- -
- -
- -
- -
- -
- -
- -
- -
- -
- -
- -
- -
- -
- -
- -
- -
- -
- -
- -
- -
- -
- -
- -
- -
- -
- -
- -
- -
- -
- -
- -
- -
- -
- -
- -
- -
- -
- -
- -
- -
- -
- -
- -
- -
- -
- -
- -
- -
- -
- -
- -
- -
- -
- -
- -
- -
- -
- -
- -
- -
- -
- -
- -
- -
- -
- -
- -
- -
- -
- -
- -
- -
- -
- -
- -
- -
- -
- -
- -
- -
- -
- -
- -
- -
- -
- -
- -
- -
- -
- -
- -
- -
- -
- -
- -
- -
- -
- -
- -
- -
- -
- -
- -
- -
- -
- -
- -
- -
- -
- -
- -
- -
- -
- -
- -
- -
- -
- -
- -
- -
- -
- -
- -
- -
- -
- -
- -
- -
- -
- -
- -
- -
- -
- -
- -
- -
- -
- -
- -
- -
- -
- -
- -
- -
- -
- -
- -
- -
- -
- -
- -
- -
- -
- -
- -
- -
- -
- -
- -
- -
- -
- -
- -
- -
- -
- -
- -
- -
- -
- -
- -
- -
- -
- -
- -
- -
- -
- -
- -
- -
- -
- -
- -
- -
- -
- -
- -
- -
- -
- -
- -
- -
- -
- -
- -
- -
- -
- -
- -
- -
- -
- -
- -
- -
- -
- -
- -
- -
- -
- -
- -
- -
- -
- -
- -
- -
- -
- -
- -
- -
- -
- -
- -
- -
- -
- -
- -
- -
- -
- -
- -
- -
- -
- -
- -
- -
- -
- -
- -
- -
- -
- -
- -
- -
- -
- -
- -
- -
- -
- -
- -
- -
- -
- -
- -
- -
- -
- -
- -
- -
- -
- -
- -
- -
- -
- -
- -
- -
- -
- -
- -
- -
- -
- -
~ !
~ !
~ !
~ !
~ !
~ !
~ !
~ !
~ !
~ !
~ !
~ !
~ !
~ !
~ !
~ !
~ "
~ "
~ "
} "
} "
} "
} "
} "
} "
} "
} "
} "
} "
} "
} "
} "
} "
} "
} "
} #
} #
} #
} #
} #
} #
} #
} #
} #
} #
} #
} #
} #
} #
} #
} #
} #
} #
} #
| #
| #
| #
| #
| #
| $
| $
| $
| $
| $
| $
| $
| $
| $
| $
| $
| $
| $
| $
| $
| $
| $
| $
| $
| $
| $
{ $
{ $
{ %
{ %
{ %
{ %
{ %
{ %
{ %
{ %
{ %
{ %
{ %
{ %
{ %
{ %
{ %
{ %
{ %
{ %
{ %
{ %
{ %
{ %
{ %
{ %
z %
z &
z &
z &
z &
z &
z &
z &
z &
z &
z &
z &
z &
z &
z &
z &
z &
z &
z &
z &
z &
z &
z &
z &
z &
z &
z &
z &
z &
z &
z &
y &
y &
y '
y '
y '
y '
y '
y '
y '
y '
y '
y '
y '
y '
y '
y '
y '
y '
y '
y '
y '
y '
y '
y '
y '
y '
y '
y '
y '
y '
y '
x '
x (
x (
x (
x (
x (
x (
x (
x (
x (
x (
x (
x (
x (
x (
x (
x (
x (
x (
x (
x (
x (
x (
x (
x (
x (
x (
x (
x (
x )
x )
x )
x )
x )
w )
w )
w )
w )
w )
w )
w )
w )
w )
w )
w )
w )
w )
w )
w )
w )
w )
w )
w )
w )
w )
w )
w )
w *
w *
w *
w *
w *
w *
w *
w *
w *
w *
w *
w *
w *
w *
w *
w *
w *
w *
w *
v *
v *
v *
v *
v *
v *
v *
v *
v *
v *
v *
v *
v *
v *
v *
v *
v *
v +
v +
v +
v +
v +
v +
v +
v +
v +
v +
v +
u +
u +
u +
u +
u +
u +
u +
u +
u +
u +
u +
u +
u +
u +
u +
u +
u +
u +
u +
u +
u +
u +
u +
u +
u +
u +
u ,
u ,
u ,
u ,
u ,
u ,
u ,
u ,
u ,
u ,
u ,
u ,
t ,
t ,
t ,
t ,
t ,
t ,
t ,
t ,
t ,
t ,
t ,
t ,
t ,
t ,
t ,
t ,
t ,
t ,
t ,
t ,
t -
t -
t -
t -
t -
t -
t -
t -
t -
t -
t -
t -
t -
s -
s -
s -
s -
s -
s -
s -
s -
s -
s -
s -
s -
s -
s -
s -
s -
s -
s -
s .
s .
s .
s .
s .
s .
s .
s .
s .
s .
s .
s .
s .
s .
s .
s .
s .
s .
s .
s .
s .
s .
s .
s .
s .
r .
r .
r .
r .
r .
r .
r .
r .
r .
r .
r /
r /
r /
r /
r /
r /
r /
r /
r /
r /
r /
r /
r /
r /
r /
r /
r /
r /
r /
r /
r /
r /
r /
r /
r /
r /
r /
r /
r /
r /
r /
r /
r /
q /
q /
q /
q /
q 0
q 0
q 0
q 0
q 0
q 0
q 0
q 0
q 0
q 0
q 0
q 0
q 0
q 0
q 0
q 0
q 0
q 0
q 0
q 0
q 0
q 0
q 0
q 0
q 0
q 0
q 0
q 0
q 0
q 0
q 0
q 0
p 1
p 1
p 1
p 1
p 1
p 1
p 1
p 1
p 1
p 1
p 1
p 1
p 1
p 1
p 1
p 1
p 1
p 1
p 1
p 1
p 1
p 1
p 1
p 1
p 1
p 1
p 1
p 1
p 1
p 1
p 1
o 1
o 1
o 1
o 1
o 1
o 1
o 1
o 1
o 1
o 2
o 2
o 2
o 2
o 2
o 2
o 2
o 2
o 2
o 2
o 2
o 2
o 2
o 2
o 2
o 2
o 2
o 2
o 2
o 2
o 2
o 2
o 2
o 2
o 2
o 2
o 2
o 2
o 2
o 2
o 2
o 2
o 2
o 2
o 2
o 2
o 2
o 2
o 2
n 2
n 2
n 2
n 2
n 2
n 2
n 2
n 2
n 2
n 2
n 2
n 2
n 2
n 2
n 2
n 2
n 2
n 2
n 2
n 3
n 3
n 3
n 3
n 3
n 3
n 3
n 3
n 3
n 3
n 3
n 3
n 3
n 3
n 3
n 3
n 3
n 3
n 3
n 3
n 3
m 3
m 3
m 3
m 3
m 3
m 3
m 3
m 3
m 3
m 3
m 3
m 3
m 3
m 3
m 3
m 3
m 3
m 3
m 3
m 4
m 4
m 4
m 4
m 4
m 4
m 4
m 4
m 4
m 4
m 4
m 4
m 4
m 4
m 4
m 4
m 4
m 4
m 4
m 4
m 4
m 4
m 4
m 4
m 4
m 4
m 4
m 4
l 4
l 4
l 4
l 4
l 4
l 4
l 4
l 4
l 4
l 4
l 4
l 4
l 4
l 4
l 4
l 4
l 4
l 4
l 4
l 4
l 4
l 5
l 5
l 5
l 5
l 5
l 5
l 5
l 5
l 5
l 5
l 5
l 5
l 5
l 5
l 5
l 5
l 5
l 5
l 5
l 5
l 5
l 5
l 5
l 5
k 5
k 5
k 5
k 5
k 5
k 5
k 5
k 5
k 5
k 5
k 5
k 6
k 6
k 6
k 6
k 6
k 6
k 6
k 6
k 6
k 6
k 6
k 6
k 6
k 6
k 6
k 6
k 6
k 6
k 6
k 6
k 6
k 6
k 6
j 6
j 6
j 6
j 6
j 6
j 6
j 6
j 6
j 6
j 6
j 6
j 6
j 6
j 6
j 6
j 6
j 6
j 6
j 6
j 6
j 6
j 7
j 7
j 7
j 7
j 7
j 7
j 7
j 7
j 7
j 7
j 7
j 7
j 7
j 7
j 7
j 7
j 7
j 7
j 7
j 7
j 7
j 7
j 7
j 7
j 7
j 7
j 7
i 7
i 7
i 7
i 7
i 7
i 7
i 7
i 7
i 7
i 7
i 7
i 7
i 7
i 7
i 7
i 7
i 8
i 8
i 8
i 8
i 8
i 8
i 8
i 8
i 8
i 8
i 8
i 8
i 8
i 8
i 8
i 8
i 8
i 8
i 8
i 8
i 8
i 8
i 8
i 8
i 8
i 8
i 8
i 8
i 8
i 8
h 8
h 8
h 8
h 8
h 8
h 8
h 8
h 8
h 9
h 9
h 9
h 9
h 9
h 9
h 9
h 9
h 9
h 9
h 9
h 9
h 9
h 9
h 9
h 9
h 9
h 9
h 9
h 9
h 9
h 9
h 9
h 9
h 9
h 9
h 9
h 9
h 9
h 9
h 9
h 9
h 9
h 9
h 9
h 9
h 9
g :
g :
g :
g :
g :
g :
g :
g :
g :
g :
g :
g :
g :
g :
g :
g :
g :
g :
g :
g :
g :
g :
g :
g :
g :
g :
g :
g :
g :
g :
g :
g :
g :
g :
g :
g :
g :
g :
g :
g ;
g ;
g ;
g ;
g ;
g ;
g ;
g ;
g ;
f ;
f ;
f ;
f ;
f ;
f ;
f ;
f ;
f ;
f ;
f ;
f ;
f ;
f ;
f ;
f ;
f ;
f ;
f ;
f ;
f ;
f ;
f ;
f ;
f ;
f ;
f ;
f ;
f ;
f ;
f ;
f ;
f ;
f ;
f ;
f ;
f ;
f ;
f ;
f ;
f <
f <
f <
f <
f <
f <
f <
e <
e <
e <
e <
e <
e <
e <
e <
e <
e <
e <
e <
e <
e <
e <
e <
e <
e <
e <
e <
e <
e <
e <
e <
e <
e <
e <
e <
e <
e <
e <
e <
e <
e <
e <
e <
e <
e =
e =
e =
e =
e =
e =
e =
e =
e =
e =
e =
e =
e =
d =
d =
d =
d =
d =
d =
d =
d =
d =
d =
d =
d =
d =
d =
d =
d =
d =
d =
d =
d =
d =
d =
d =
d =
d =
d =
d =
d =
d =
d =
d =
d =
d =
d >
d >
d >
d >
d >
d >
d >
d >
d >
d >
d >
d >
d >
d >
d >
d >
d >
d >
d >
d >
d >
d >
d >
d >
d >
c >
c >
c >
c >
c >
c >
c >
c >
c >
c >
c >
c >
c >
c >
c >
c >
c >
c >
c >
c >
c >
c >
c >
c >
c >
c >
c >
c >
c >
c >
c >
c ?
c ?
c ?
c ?
c ?
c ?
c ?
c ?
c ?
c ?
c ?
c ?
c ?
b ?
b ?
b ?
b ?
b ?
b ?
b ?
b ?
b ?
b ?
b ?
b ?
b ?
b ?
b ?
b ?
b ?
b ?
b ?
b ?
b ?
b ?
b ?
b ?
b ?
b ?
b ?
b ?
b ?
b ?
b ?
b ?
b ?
b ?
b ?
b ?
b ?
b ?
b ?
b ?
b ?
b ?
b ?
b ?
b ?
b ?
b ?
b ?
b ?
a ?
a ?
a ?
a @
a @
a @
a @
a @
a @
a @
a @
a @
a @
a @
a @
a @
a @
a @
a @
a @
a @
a @
a @
a @
a @
a @
a @
a @
a @
a @
a @
a @
a @
a @
a @
a @
a @
a @
a @
a @
a @
a @
a @
a @
a @
a @
a @
a @
a @
a @
a @
a @
a @
a @
a @
a @
a @
` @
` @
` @
` @
` @
` @
` @
` @
` @
` @
` @
` @
` @
` @
` @
` @
` @
` @
` @
` @
` @
` @
` @
` @
` @
` A
` A
` A
` A
` A
` A
` A
` A
` A
` A
` A
` A
` A
` A
` A
` A
` A
` A
` A
` A
` A
` A
` A
` A
` A
` A
` A
` A
` A
_ A
_ A
_ A
_ A
_ A
_ A
_ A
_ A
_ A
_ A
_ A
_ A
_ A
_ A
_ A
_ B
_ B
_ B
_ B
_ B
_ B
_ B
_ B
_ B
_ B
_ B
_ B
_ B
_ B
_ B
_ B
_ B
_ B
_ B
_ B
_ B
_ B
_ B
_ B
_ B
_ B
_ B
_ B
_ B
_ B
_ B
_ B
_ B
_ B
_ B
_ B
_ B
_ B
_ B
_ B
_ B
_ B
_ B
_ B
_ B
_ B
_ B
_ B
_ B
_ B
_ B
_ C
_ C
^ C
^ C
^ C
^ C
^ C
^ C
^ C
^ C
^ C
^ C
^ C
^ C
^ C
^ C
^ C
^ C
^ C
^ C
^ C
^ C
^ C
^ C
^ C
^ C
^ C
^ C
^ C
^ C
^ C
^ C
^ C
^ C
^ C
^ C
^ C
^ C
^ C
^ C
^ C
^ C
^ C
^ C
^ C
^ C
^ C
^ C
^ C
^ C
^ C
^ C
^ C
^ C
^ C
^ C
^ C
^ C
] C
] C
] D
] D
] D
] D
] D
] D
] D
] D
] D
] D
] D
] D
] D
] D
] D
] D
] D
] D
] D
] D
] D
] D
] D
] D
] D
] D
] D
] D
] D
] D
] D
] D
] D
] D
] D
] D
] D
] D
] D
] D
] D
] D
] D
] D
] D
] D
] D
] D
] D
] D
] D
] D
] D
] D
] D
] D
] D
] D
] D
] D
] D
\ D
\ D
\ D
\ D
\ D
\ D
\ D
\ D
\ D
\ D
\ D
\ D
\ D
\ D
\ E
\ E
\ E
\ E
\ E
\ E
\ E
\ E
\ E
\ E
\ E
\ E
\ E
\ E
\ E
\ E
\ E
\ E
\ E
\ E
\ E
\ E
\ E
\ E
\ E
\ E
\ E
\ E
\ E
\ E
\ E
\ E
\ E
\ E
\ E
\ E
\ E
\ E
\ E
\ E
\ E
\ E
\ E
\ E
\ E
\ E
\ E
\ E
\ E
\ E
\ E
\ E
\ E
\ E
[ E
[ E
[ E
[ E
[ E
[ E
[ E
[ E
[ E
[ E
[ E
[ E
[ E
[ E
[ F
[ F
[ F
[ F
[ F
[ F
[ F
[ F
[ F
[ F
[ F
[ F
[ F
[ F
[ F
[ F
[ F
[ F
[ F
[ F
[ F
[ F
[ F
[ F
[ F
[ F
[ F
[ F
[ F
[ F
[ F
[ F
[ F
[ F
[ F
[ F
[ F
[ F
[ F
[ F
[ F
[ F
[ F
[ F
[ F
[ F
[ F
[ F
[ F
[ F
[ F
[ F
[ F
[ F
[ F
[ F
[ F
[ F
[ F
[ F
[ F
[ F
[ F
[ F
[ F
[ G
[ G
[ G
[ G
[ G
[ G
Z G
Z G
Z G
Z G
Z G
Z G
Z G
Z G
Z G
Z G
Z G
Z G
Z G
Z G
Z G
Z G
Z G
Z G
Z G
Z G
Z G
Z G
Z G
Z G
Z G
Z G
Z G
Z G
Z G
Z G
Z G
Z G
Z G
Z G
Z G
Z G
Z G
Z G
Z G
Z G
Z G
Z G
Z G
Z G
Z G
Z G
Z G
Z G
Z G
Z G
Z G
Z G
Z G
Z G
Z G
Z G
Z G
Z G
Z G
Z G
Z G
Z G
Z G
Z G
Z G
Z G
Z G
Z G
Z G
Z G
Z G
Z G
Z G
Z G
Z G
Z G
Z G
Y G
Y G
Y G
Y G
Y G
Y G
Y G
Y G
Y G
Y G
Y G
Y G
Y G
Y G
Y G
Y G
Y G
Y G
Y G
Y H
Y H
Y H
Y H
Y H
Y H
Y H
Y H
Y H
Y H
Y H
Y H
Y H
Y H
Y H
Y H
Y H
Y H
Y H
Y H
Y H
Y H
Y H
Y H
Y H
Y H
Y H
Y H
Y H
Y H
Y H
Y H
Y H
Y H
Y H
Y H
Y H
Y H
Y H
Y H
Y H
Y H
Y H
Y H
Y H
Y H
Y H
Y H
Y H
Y H
Y H
Y H
Y H
Y H
Y H
Y H
Y H
Y H
Y H
Y H
Y H
Y H
Y H
Y H
Y H
Y H
Y H
X H
X H
X H
X H
X H
X H
X H
X H
X H
X H
X H
X H
X H
X H
X H
X H
X H
X H
X I
X I
X I
X I
X I
X I
X I
X I
X I
X I
X I
X I
X I
X I
X I
X I
X I
X I
X I
X I
X I
X I
X I
X I
X I
X I
X I
X I
X I
X I
X I
X I
X I
X I
X I
X I
X I
X I
X I
X I
X I
W I
W I
W I
W I
W I
W I
W I
W I
W I
W I
W I
W I
W I
W I
W I
W I
W I
W I
W I
W I
W I
W I
W I
W I
W I
W I
W I
W I
W I
W I
W I
W I
W I
W I
W I
W I
W I
W I
W I
W I
W I
W I
W I
W I
W I
W J
W J
W J
W J
W J
W J
W J
W J
W J
W J
W J
W J
W J
W J
W J
W J
W J
W J
W J
W J
W J
W J
W J
W J
W J
W J
W J
W J
W J
W J
W J
W J
W J
W J
W J
W J
W J
W J
W J
W J
V J
V J
V J
V J
V J
V J
V J
V J
V J
V J
V J
V J
V J
V J
V J
V J
V J
V J
V J
V J
V J
V J
V J
V J
V J
V J
V J
V J
V J
V J
V J
V J
V J
V J
V J
V J
V J
V K
V K
V K
V K
V K
V K
V K
V K
V K
V K
V K
V K
V K
V K
V K
V K
V K
V K
V K
V K
V K
V K
V K
V K
V K
V K
V K
V K
V K
V K
V K
V K
V K
V K
V K
V K
V K
V K
V K
V K
V K
V K
V K
V K
V K
V K
V K
V K
V K
V K
V K
V K
V K
V K
V K
V K
V K
V K
V K
V K
V K
V K
V K
V K
V K
V K
V K
V K
V K
V K
V K
V K
V K
V K
V L
V L
U L
U L
U L
U L
U L
U L
U L
U L
U L
U L
U L
U L
U L
U L
U L
U L
U L
U L
U L
U L
U L
U L
U L
U L
U L
U L
U L
U L
U L
U L
U L
U L
U L
U L
U L
U L
U L
U L
U L
U L
U L
U L
U L
U L
U L
U L
U L
U L
U L
U L
U L
U L
U L
U L
U L
U L
U L
U L
U L
U L
U L
U L
U L
U L
U L
U L
U L
U L
U L
U L
U L
U L
U L
U L
U M
U M
U M
U M
U M
U M
U M
U M
U M
U M
U M
U M
U M
U M
U M
U M
U M
U M
U M
U M
U M
U M
U M
U M
U M
U M
U M
U M
U M
T M
T M
T M
T M
T M
T M
T M
T M
T M
T M
T M
T M
T M
T M
T M
T M
T M
T M
T M
T M
T M
T M
T M
T M
T M
T M
T M
T M
T M
T M
T M
T M
T M
T M
T M
T M
T M
T M
T M
T M
T M
T M
T M
T M
T M
T M
T M
T M
T M
T M
T M
T M
T M
T M
T M
T M
T M
T M
T M
T M
T N
T N
T N
T N
T N
T N
T N
T N
T N
T N
T N
T N
T N
T N
T N
T N
T N
S N
S N
S N
S N
S N
S N
S N
S N
S N
S N
S N
S N
S N
S N
S N
S N
S N
S N
S N
S N
S N
S N
S N
S N
S N
S N
S N
S N
S N
S N
S N
S N
S N
S N
S N
S N
S N
S N
S N
S N
S N
S N
S N
S N
S N
S N
S N
S N
S N
S N
S N
S N
S N
S N
S N
S N
S N
S N
S N
S N
S N
S N
S N
S N
S N
S N
S N
S N
S N
S N
S N
S N
S N
S N
S O
S O
S O
S O
S O
S O
S O
S O
S O
S O
S O
S O
S O
S O
S O
S O
S O
S O
S O
S O
S O
S O
S O
S O
S O
S O
S O
R O
R O
R O
R O
R O
R O
R O
R O
R O
R O
R O
R O
R O
R O
R O
R O
R O
R O
R O
R O
R O
R O
R O
R O
R O
R O
R O
R O
R O
R O
R O
R O
R O
R O
R O
R O
R O
R O
R O
R O
R O
R O
R O
R O
R O
R O
R O
R O
R O
R O
R O
R O
R O
R O
R O
R O
R O
R O
R O
R O
R O
R P
R P
R P
R P
R P
R P
R P
R P
R P
R P
R P
R P
R P
R P
R P
R P
R P
R P
R P
R P
R P
R P
R P
R P
R P
R P
R P
R P
R P
R P
R P
R P
R P
R P
R P
R P
R P
R P
R P
R P
Q P
Q P
Q P
Q P
Q P
Q P
Q P
Q P
Q P
Q P
Q P
Q P
Q P
Q P
Q P
Q P
Q P
Q P
Q P
Q P
Q P
Q P
Q P
Q P
Q P
Q P
Q P
Q P
Q P
Q P
Q P
Q P
Q P
Q P
Q P
Q P
Q P
Q P
Q P
Q P
Q P
Q P
Q P
Q P
Q P
Q P
Q P
Q P
Q P
Q P
Q P
Q P
Q P
Q P
Q P
Q P
Q P
Q P
Q P
Q P
Q P
Q P
Q P
Q P
Q P
Q P
Q P
Q P
Q P
Q P
Q P
Q P
Q P
Q P
Q P
Q P
Q P
Q P
Q P
Q P
Q P
Q Q
Q Q
Q Q
Q Q
Q Q
Q Q
Q Q
Q Q
Q Q
Q Q
Q Q
Q Q
Q Q
Q Q
Q Q
Q Q
Q Q
Q Q
Q Q
Q Q
Q Q
Q Q
