- -
y\myKkiKoGVK5.[&`=!r=y> p<?^KQ;T8!O"*N$
/3FY9qkO&$::E7=B}7 /3FY9qkO&$::E7=B}7
p<?^KQ;T8!O"*N$ /3FY9qkO&$::E7=B}7
p<?^KQ;T8!O"*N$ /3FY9qkO&$::E7=B}7
p<?^KQ;T8!O"*N$ y\myKkiKoGVK5.[&`=!r=y>
p<?^KQ;T8!O"*N$ X|)03199eQyPImWr@&ol9eF4J@'qD
p<?^KQ;T8!O"*N$ X|)03199eQyPImWr@&ol9eF4J@'qD
p<?^KQ;T8!O"*N$ X|)03199eQyPImWr@&ol9eF4J@'qD
p<?^KQ;T8!O"*N$ X|)03199eQyPImWr@&ol9eF4J@'qD
s*N+Fabfs X|)03199eQyPImWr@&ol9eF4J@'qD
g@7:#7B-#w2 X|)03199eQyPImWr@&ol9eF4J@'qD
*O%f X|)03199eQyPImWr@&ol9eF4J@'qD
*O%f X|)03199eQyPImWr@&ol9eF4J@'qD
*O%f D9{n2|fB"GEMTTkt"]tb4S>>};]>
*O%f D9{n2|fB"GEMTTkt"]tb4S>>};]>
*O%f D9{n2|fB"GEMTTkt"]tb4S>>};]>
*O%f D9{n2|fB"GEMTTkt"]tb4S>>};]>
*O%f D9{n2|fB"GEMTTkt"]tb4S>>};]>
*O%f D9{n2|fB"GEMTTkt"]tb4S>>};]>
D>- D9{n2|fB"GEMTTkt"]tb4S>>};]>
D>- D9{n2|fB"GEMTTkt"]tb4S>>};]>
D>- D9{n2|fB"GEMTTkt"]tb4S>>};]>
D>- D9{n2|fB"GEMTTkt"]tb4S>>};]>
D>- Tn@dKi_[\j&,Es[Mz|GSo7V@7p~
D>- Tn@dKi_[\j&,Es[Mz|GSo7V@7p~
D>- Tn@dKi_[\j&,Es[Mz|GSo7V@7p~
D>- Tn@dKi_[\j&,Es[Mz|GSo7V@7p~
D>- Tn@dKi_[\j&,Es[Mz|GSo7V@7p~
D>- Tn@dKi_[\j&,Es[Mz|GSo7V@7p~
D>- Tn@dKi_[\j&,Es[Mz|GSo7V@7p~
D>- Tn@dKi_[\j&,Es[Mz|GSo7V@7p~
D>- Tn@dKi_[\j&,Es[Mz|GSo7V@7p~
Q: Tn@dKi_[\j&,Es[Mz|GSo7V@7p~
Q: Tn@dKi_[\j&,Es[Mz|GSo7V@7p~
Q: Tn@dKi_[\j&,Es[Mz|GSo7V@7p~
Q: Tn@dKi_[\j&,Es[Mz|GSo7V@7p~
Q: Tn@dKi_[\j&,Es[Mz|GSo7V@7p~
Q: Tn@dKi_[\j&,Es[Mz|GSo7V@7p~
Q: Tn@dKi_[\j&,Es[Mz|GSo7V@7p~
2P Tn@dKi_[\j&,Es[Mz|GSo7V@7p~
2P Tn@dKi_[\j&,Es[Mz|GSo7V@7p~
2P Tn@dKi_[\j&,Es[Mz|GSo7V@7p~
2P Tn@dKi_[\j&,Es[Mz|GSo7V@7p~
2P Tn@dKi_[\j&,Es[Mz|GSo7V@7p~
2P Tn@dKi_[\j&,Es[Mz|GSo7V@7p~
2P Tn@dKi_[\j&,Es[Mz|GSo7V@7p~
2P Tn@dKi_[\j&,Es[Mz|GSo7V@7p~
2P Tn@dKi_[\j&,Es[Mz|GSo7V@7p~
2P %0Ri59XA}Mb{_ryPz(tRW@@^%Oq{w
z %0Ri59XA}Mb{_ryPz(tRW@@^%Oq{w
z %0Ri59XA}Mb{_ryPz(tRW@@^%Oq{w
z %0Ri59XA}Mb{_ryPz(tRW@@^%Oq{w
6 %0Ri59XA}Mb{_ryPz(tRW@@^%Oq{w
6 %0Ri59XA}Mb{_ryPz(tRW@@^%Oq{w
6 %0Ri59XA}Mb{_ryPz(tRW@@^%Oq{w
6 %0Ri59XA}Mb{_ryPz(tRW@@^%Oq{w
6 %0Ri59XA}Mb{_ryPz(tRW@@^%Oq{w
6 %0Ri59XA}Mb{_ryPz(tRW@@^%Oq{w
6 %0Ri59XA}Mb{_ryPz(tRW@@^%Oq{w
6 %0Ri59XA}Mb{_ryPz(tRW@@^%Oq{w
6 %0Ri59XA}Mb{_ryPz(tRW@@^%Oq{w
6 %0Ri59XA}Mb{_ryPz(tRW@@^%Oq{w
6 %0Ri59XA}Mb{_ryPz(tRW@@^%Oq{w
6 1bk_;~+]uo)6bRsbP`c\7J|Pdy^|
6 1bk_;~+]uo)6bRsbP`c\7J|Pdy^|
6 1bk_;~+]uo)6bRsbP`c\7J|Pdy^|
6 1bk_;~+]uo)6bRsbP`c\7J|Pdy^|
6 1bk_;~+]uo)6bRsbP`c\7J|Pdy^|
6 1bk_;~+]uo)6bRsbP`c\7J|Pdy^|
6 1bk_;~+]uo)6bRsbP`c\7J|Pdy^|
6 1bk_;~+]uo)6bRsbP`c\7J|Pdy^|
6 1bk_;~+]uo)6bRsbP`c\7J|Pdy^|
6 1bk_;~+]uo)6bRsbP`c\7J|Pdy^|
6 1bk_;~+]uo)6bRsbP`c\7J|Pdy^|
6 1bk_;~+]uo)6bRsbP`c\7J|Pdy^|
6 1bk_;~+]uo)6bRsbP`c\7J|Pdy^|
6 1bk_;~+]uo)6bRsbP`c\7J|Pdy^|
6 1bk_;~+]uo)6bRsbP`c\7J|Pdy^|
6 1bk_;~+]uo)6bRsbP`c\7J|Pdy^|
6 1bk_;~+]uo)6bRsbP`c\7J|Pdy^|
6 1bk_;~+]uo)6bRsbP`c\7J|Pdy^|
6 1bk_;~+]uo)6bRsbP`c\7J|Pdy^|
6 1bk_;~+]uo)6bRsbP`c\7J|Pdy^|
6 1bk_;~+]uo)6bRsbP`c\7J|Pdy^|
6 1bk_;~+]uo)6bRsbP`c\7J|Pdy^|
6 1bk_;~+]uo)6bRsbP`c\7J|Pdy^|
6 1bk_;~+]uo)6bRsbP`c\7J|Pdy^|
6 1bk_;~+]uo)6bRsbP`c\7J|Pdy^|
6 1bk_;~+]uo)6bRsbP`c\7J|Pdy^|
6 1bk_;~+]uo)6bRsbP`c\7J|Pdy^|
6 1bk_;~+]uo)6bRsbP`c\7J|Pdy^|
6 1bk_;~+]uo)6bRsbP`c\7J|Pdy^|
6 1bk_;~+]uo)6bRsbP`c\7J|Pdy^|
6 1bk_;~+]uo)6bRsbP`c\7J|Pdy^|
6 1bk_;~+]uo)6bRsbP`c\7J|Pdy^|
6 1bk_;~+]uo)6bRsbP`c\7J|Pdy^|
5 1bk_;~+]uo)6bRsbP`c\7J|Pdy^|
5 1bk_;~+]uo)6bRsbP`c\7J|Pdy^|
5 1bk_;~+]uo)6bRsbP`c\7J|Pdy^|
5 1bk_;~+]uo)6bRsbP`c\7J|Pdy^|
5 1bk_;~+]uo)6bRsbP`c\7J|Pdy^|
5 1bk_;~+]uo)6bRsbP`c\7J|Pdy^|
5 1bk_;~+]uo)6bRsbP`c\7J|Pdy^|
5 1bk_;~+]uo)6bRsbP`c\7J|Pdy^|
5 1bk_;~+]uo)6bRsbP`c\7J|Pdy^|
5 1bk_;~+]uo)6bRsbP`c\7J|Pdy^|
5 1bk_;~+]uo)6bRsbP`c\7J|Pdy^|
5 1bk_;~+]uo)6bRsbP`c\7J|Pdy^|
5 1bk_;~+]uo)6bRsbP`c\7J|Pdy^|
5 1bk_;~+]uo)6bRsbP`c\7J|Pdy^|
5 1bk_;~+]uo)6bRsbP`c\7J|Pdy^|
5 1bk_;~+]uo)6bRsbP`c\7J|Pdy^|
5 1bk_;~+]uo)6bRsbP`c\7J|Pdy^|
5 1bk_;~+]uo)6bRsbP`c\7J|Pdy^|
5 1bk_;~+]uo)6bRsbP`c\7J|Pdy^|
5 1bk_;~+]uo)6bRsbP`c\7J|Pdy^|
5 1bk_;~+]uo)6bRsbP`c\7J|Pdy^|
5 1bk_;~+]uo)6bRsbP`c\7J|Pdy^|
5 1bk_;~+]uo)6bRsbP`c\7J|Pdy^|
5 1bk_;~+]uo)6bRsbP`c\7J|Pdy^|
5 1bk_;~+]uo)6bRsbP`c\7J|Pdy^|
5 1bk_;~+]uo)6bRsbP`c\7J|Pdy^|
5 1bk_;~+]uo)6bRsbP`c\7J|Pdy^|
5 1bk_;~+]uo)6bRsbP`c\7J|Pdy^|
5 1bk_;~+]uo)6bRsbP`c\7J|Pdy^|
5 1bk_;~+]uo)6bRsbP`c\7J|Pdy^|
5 1bk_;~+]uo)6bRsbP`c\7J|Pdy^|
5 1bk_;~+]uo)6bRsbP`c\7J|Pdy^|
5 1bk_;~+]uo)6bRsbP`c\7J|Pdy^|
5 1bk_;~+]uo)6bRsbP`c\7J|Pdy^|
5 1bk_;~+]uo)6bRsbP`c\7J|Pdy^|
5 1bk_;~+]uo)6bRsbP`c\7J|Pdy^|
5 1bk_;~+]uo)6bRsbP`c\7J|Pdy^|
5 1bk_;~+]uo)6bRsbP`c\7J|Pdy^|
5 1bk_;~+]uo)6bRsbP`c\7J|Pdy^|
5 1bk_;~+]uo)6bRsbP`c\7J|Pdy^|
5 1bk_;~+]uo)6bRsbP`c\7J|Pdy^|
5 1bk_;~+]uo)6bRsbP`c\7J|Pdy^|
5 1bk_;~+]uo)6bRsbP`c\7J|Pdy^|
5 1bk_;~+]uo)6bRsbP`c\7J|Pdy^|
5 1bk_;~+]uo)6bRsbP`c\7J|Pdy^|
5 1bk_;~+]uo)6bRsbP`c\7J|Pdy^|
5 1bk_;~+]uo)6bRsbP`c\7J|Pdy^|
5 1bk_;~+]uo)6bRsbP`c\7J|Pdy^|
5 1bk_;~+]uo)6bRsbP`c\7J|Pdy^|
5 1bk_;~+]uo)6bRsbP`c\7J|Pdy^|
5 1bk_;~+]uo)6bRsbP`c\7J|Pdy^|
5 1bk_;~+]uo)6bRsbP`c\7J|Pdy^|
5 1bk_;~+]uo)6bRsbP`c\7J|Pdy^|
